[2025-03-28 12:29:56,441][root][INFO] - Using device: cuda
[2025-03-28 12:29:56,886][root][INFO] - train_dataset: 22967, valid_dataset: 5742, test_dataset: 7178
[2025-03-28 12:29:56,886][root][INFO] - train_loader: 359, valid_loader: 90, test_loader: 113
[2025-03-28 12:30:16,408][root][INFO] - Epoch [0/64], Loss: 1.5801, Accuracy: 38.4361
[2025-03-28 12:30:36,364][root][INFO] - Epoch [1/64], Loss: 1.3287, Accuracy: 48.4326
[2025-03-28 12:30:57,443][root][INFO] - Epoch [2/64], Loss: 1.2377, Accuracy: 52.2118
[2025-03-28 12:31:20,564][root][INFO] - Epoch [3/64], Loss: 1.1838, Accuracy: 53.0477
[2025-03-28 12:31:43,506][root][INFO] - Epoch [4/64], Loss: 1.1372, Accuracy: 53.3960
[2025-03-28 12:32:06,410][root][INFO] - Epoch [5/64], Loss: 1.1033, Accuracy: 53.1696
[2025-03-28 12:32:29,460][root][INFO] - Epoch [6/64], Loss: 1.0776, Accuracy: 55.3640
[2025-03-28 12:32:52,471][root][INFO] - Epoch [7/64], Loss: 1.0514, Accuracy: 56.7572
[2025-03-28 12:33:15,506][root][INFO] - Epoch [8/64], Loss: 1.0215, Accuracy: 54.2494
[2025-03-28 12:33:38,433][root][INFO] - Epoch [9/64], Loss: 0.9967, Accuracy: 58.7252
[2025-03-28 12:34:01,418][root][INFO] - Epoch [10/64], Loss: 0.9795, Accuracy: 56.8966
[2025-03-28 12:34:24,308][root][INFO] - Epoch [11/64], Loss: 0.9596, Accuracy: 56.0954
[2025-03-28 12:34:47,350][root][INFO] - Epoch [12/64], Loss: 0.9407, Accuracy: 56.3393
[2025-03-28 12:35:10,353][root][INFO] - Epoch [13/64], Loss: 0.9092, Accuracy: 57.0881
[2025-03-28 12:35:33,320][root][INFO] - Epoch [14/64], Loss: 0.9005, Accuracy: 60.0662
[2025-03-28 12:35:56,212][root][INFO] - Epoch [15/64], Loss: 0.8762, Accuracy: 56.6876
[2025-03-28 12:36:19,077][root][INFO] - Epoch [16/64], Loss: 0.8521, Accuracy: 59.2825
[2025-03-28 12:36:41,847][root][INFO] - Epoch [17/64], Loss: 0.8378, Accuracy: 59.7005
[2025-03-28 12:37:04,784][root][INFO] - Epoch [18/64], Loss: 0.8147, Accuracy: 58.9516
[2025-03-28 12:37:27,801][root][INFO] - Epoch [19/64], Loss: 0.7929, Accuracy: 58.1331
[2025-03-28 12:37:50,726][root][INFO] - Epoch [20/64], Loss: 0.7844, Accuracy: 57.9763
[2025-03-28 12:38:13,809][root][INFO] - Epoch [21/64], Loss: 0.7636, Accuracy: 60.4667
[2025-03-28 12:38:36,789][root][INFO] - Epoch [22/64], Loss: 0.7402, Accuracy: 53.6573
[2025-03-28 12:38:59,787][root][INFO] - Epoch [23/64], Loss: 0.7198, Accuracy: 54.1101
[2025-03-28 12:39:22,727][root][INFO] - Epoch [24/64], Loss: 0.7153, Accuracy: 60.2577
[2025-03-28 12:39:45,690][root][INFO] - Epoch [25/64], Loss: 0.6923, Accuracy: 57.0010
[2025-03-28 12:40:08,667][root][INFO] - Epoch [26/64], Loss: 0.6695, Accuracy: 59.0387
[2025-03-28 12:40:31,652][root][INFO] - Epoch [27/64], Loss: 0.6577, Accuracy: 60.0836
[2025-03-28 12:40:54,434][root][INFO] - Epoch [28/64], Loss: 0.6412, Accuracy: 58.1679
[2025-03-28 12:41:17,439][root][INFO] - Epoch [29/64], Loss: 0.6263, Accuracy: 59.4915
[2025-03-28 12:41:40,348][root][INFO] - Epoch [30/64], Loss: 0.6086, Accuracy: 61.4768
[2025-03-28 12:42:03,284][root][INFO] - Epoch [31/64], Loss: 0.5985, Accuracy: 60.8673
[2025-03-28 12:42:26,206][root][INFO] - Epoch [32/64], Loss: 0.5783, Accuracy: 60.6235
[2025-03-28 12:42:49,102][root][INFO] - Epoch [33/64], Loss: 0.5623, Accuracy: 59.9443
[2025-03-28 12:43:10,996][root][INFO] - Epoch [34/64], Loss: 0.5439, Accuracy: 61.4768
[2025-03-28 12:43:38,072][root][INFO] - Epoch [35/64], Loss: 0.5281, Accuracy: 60.8847
[2025-03-28 12:44:05,564][root][INFO] - Epoch [36/64], Loss: 0.5229, Accuracy: 57.6454
[2025-03-28 12:44:32,897][root][INFO] - Epoch [37/64], Loss: 0.5182, Accuracy: 61.5639
[2025-03-28 12:44:58,385][root][INFO] - Epoch [38/64], Loss: 0.4975, Accuracy: 59.8049
[2025-03-28 12:45:25,493][root][INFO] - Epoch [39/64], Loss: 0.4883, Accuracy: 59.3870
[2025-03-28 12:45:52,843][root][INFO] - Epoch [40/64], Loss: 0.4712, Accuracy: 59.3696
[2025-03-28 12:46:20,071][root][INFO] - Epoch [41/64], Loss: 0.4593, Accuracy: 60.5016
[2025-03-28 12:46:47,141][root][INFO] - Epoch [42/64], Loss: 0.4570, Accuracy: 61.1982
[2025-03-28 12:47:14,092][root][INFO] - Epoch [43/64], Loss: 0.4397, Accuracy: 59.8746
[2025-03-28 12:47:41,409][root][INFO] - Epoch [44/64], Loss: 0.4287, Accuracy: 60.3448
[2025-03-28 12:48:08,653][root][INFO] - Epoch [45/64], Loss: 0.4180, Accuracy: 60.9021
[2025-03-28 12:48:35,856][root][INFO] - Epoch [46/64], Loss: 0.4105, Accuracy: 58.8123
[2025-03-28 12:49:02,953][root][INFO] - Epoch [47/64], Loss: 0.3921, Accuracy: 60.0313
[2025-03-28 12:49:29,891][root][INFO] - Epoch [48/64], Loss: 0.3978, Accuracy: 57.6977
[2025-03-28 12:49:56,784][root][INFO] - Epoch [49/64], Loss: 0.3891, Accuracy: 61.3027
[2025-03-28 12:50:23,879][root][INFO] - Epoch [50/64], Loss: 0.3799, Accuracy: 62.2605
[2025-03-28 12:50:51,178][root][INFO] - Epoch [51/64], Loss: 0.3759, Accuracy: 61.8426
[2025-03-28 12:51:18,110][root][INFO] - Epoch [52/64], Loss: 0.3601, Accuracy: 61.5465
[2025-03-28 12:51:45,250][root][INFO] - Epoch [53/64], Loss: 0.3531, Accuracy: 61.5465
[2025-03-28 12:52:12,415][root][INFO] - Epoch [54/64], Loss: 0.3481, Accuracy: 59.7701
[2025-03-28 12:52:39,357][root][INFO] - Epoch [55/64], Loss: 0.3391, Accuracy: 61.6162
[2025-03-28 12:53:06,330][root][INFO] - Epoch [56/64], Loss: 0.3265, Accuracy: 61.5987
[2025-03-28 12:53:33,293][root][INFO] - Epoch [57/64], Loss: 0.3255, Accuracy: 61.2853
[2025-03-28 12:54:00,204][root][INFO] - Epoch [58/64], Loss: 0.3325, Accuracy: 60.5016
[2025-03-28 12:54:27,460][root][INFO] - Epoch [59/64], Loss: 0.3076, Accuracy: 60.6931
[2025-03-28 12:54:54,514][root][INFO] - Epoch [60/64], Loss: 0.3090, Accuracy: 62.5218
[2025-03-28 12:55:22,092][root][INFO] - Epoch [61/64], Loss: 0.3034, Accuracy: 60.9370
[2025-03-28 12:55:49,017][root][INFO] - Epoch [62/64], Loss: 0.3009, Accuracy: 61.7903
[2025-03-28 12:56:16,294][root][INFO] - Epoch [63/64], Loss: 0.2924, Accuracy: 60.4493
[2025-03-28 12:56:16,307][root][INFO] - Best model weights saved with accuracy: 62.52
