[2025-05-15 07:47:52,345][root][INFO] - Using device: cuda
[2025-05-15 07:47:53,384][root][INFO] - train_dataset: 291524, valid_dataset: 124940, test_dataset: 51672
[2025-05-15 07:47:53,384][root][INFO] - train_loader: 4556, valid_loader: 1953, test_loader: 808
[2025-05-15 07:47:53,882][root][INFO] - Loading checkpoint successfully
[2025-05-15 07:47:53,887][root][INFO] - Resuming training from epoch 24 with loss 0.5864
[2025-05-15 08:07:44,590][root][INFO] - Epoch [24/50], Train_Loss: 0.5919, Val_Accuracy: 77.1947
[2025-05-15 08:27:38,369][root][INFO] - Epoch [25/50], Train_Loss: 0.5758, Val_Accuracy: 76.7344
[2025-05-15 08:47:32,810][root][INFO] - Epoch [26/50], Train_Loss: 0.5641, Val_Accuracy: 77.0138
[2025-05-15 09:07:25,137][root][INFO] - Epoch [27/50], Train_Loss: 0.5518, Val_Accuracy: 76.3679
[2025-05-15 09:27:19,484][root][INFO] - Epoch [28/50], Train_Loss: 0.5416, Val_Accuracy: 76.5247
[2025-05-15 09:47:09,978][root][INFO] - Epoch [29/50], Train_Loss: 0.5317, Val_Accuracy: 76.3647
[2025-05-15 10:07:08,805][root][INFO] - Epoch [30/50], Train_Loss: 0.5216, Val_Accuracy: 76.2982
[2025-05-15 10:27:02,549][root][INFO] - Epoch [31/50], Train_Loss: 0.5135, Val_Accuracy: 76.0773
[2025-05-15 10:46:57,370][root][INFO] - Epoch [32/50], Train_Loss: 0.5048, Val_Accuracy: 76.3366
[2025-05-15 11:06:49,921][root][INFO] - Epoch [33/50], Train_Loss: 0.4960, Val_Accuracy: 76.0469
[2025-05-15 11:26:43,082][root][INFO] - Epoch [34/50], Train_Loss: 0.4885, Val_Accuracy: 76.1349
[2025-05-15 11:46:34,872][root][INFO] - Epoch [35/50], Train_Loss: 0.4813, Val_Accuracy: 76.1518
[2025-05-15 12:06:33,938][root][INFO] - Epoch [36/50], Train_Loss: 0.4729, Val_Accuracy: 76.0797
[2025-05-15 12:26:38,497][root][INFO] - Epoch [37/50], Train_Loss: 0.4646, Val_Accuracy: 76.0053
[2025-05-15 12:46:37,047][root][INFO] - Epoch [38/50], Train_Loss: 0.4587, Val_Accuracy: 75.9757
[2025-05-15 13:06:34,408][root][INFO] - Epoch [39/50], Train_Loss: 0.4519, Val_Accuracy: 76.0557
[2025-05-15 13:26:29,710][root][INFO] - Epoch [40/50], Train_Loss: 0.4459, Val_Accuracy: 75.8548
[2025-05-15 13:46:36,316][root][INFO] - Epoch [41/50], Train_Loss: 0.4392, Val_Accuracy: 75.9557
[2025-05-15 14:06:37,158][root][INFO] - Epoch [42/50], Train_Loss: 0.4319, Val_Accuracy: 75.8716
[2025-05-15 14:26:33,343][root][INFO] - Epoch [43/50], Train_Loss: 0.4278, Val_Accuracy: 75.8764
[2025-05-15 14:46:29,378][root][INFO] - Epoch [44/50], Train_Loss: 0.4209, Val_Accuracy: 75.5547
[2025-05-15 15:06:27,378][root][INFO] - Epoch [45/50], Train_Loss: 0.4148, Val_Accuracy: 75.6755
[2025-05-15 15:26:31,650][root][INFO] - Epoch [46/50], Train_Loss: 0.4097, Val_Accuracy: 75.7075
[2025-05-15 15:46:26,386][root][INFO] - Epoch [47/50], Train_Loss: 0.4043, Val_Accuracy: 75.5355
[2025-05-15 16:06:23,958][root][INFO] - Epoch [48/50], Train_Loss: 0.3993, Val_Accuracy: 75.5138
[2025-05-15 16:26:21,993][root][INFO] - Epoch [49/50], Train_Loss: 0.3947, Val_Accuracy: 75.4562
[2025-05-15 16:46:17,322][root][INFO] - Epoch [50/50], Train_Loss: 0.3900, Val_Accuracy: 75.1457
[2025-05-15 16:46:17,592][root][INFO] - Best model weights saved with accuracy: 77.19
[2025-05-15 16:48:14,575][root][INFO] - Test Accuracy: 73.79
