[2025-04-16 09:35:58,495][root][INFO] - Using device: cuda
[2025-04-16 09:35:58,617][root][INFO] - train_dataset: 36291, valid_dataset: 9332, test_dataset: 6222
[2025-04-16 09:35:58,617][root][INFO] - train_loader: 568, valid_loader: 146, test_loader: 98
[2025-04-16 09:45:28,359][root][INFO] - Epoch [1/50], Avg_Loss: 1.9492, Val_Accuracy: 15.0772
[2025-04-16 09:54:41,918][root][INFO] - Epoch [2/50], Avg_Loss: 1.6701, Val_Accuracy: 29.8221
[2025-04-16 10:03:40,645][root][INFO] - Epoch [3/50], Avg_Loss: 1.4585, Val_Accuracy: 43.7634
[2025-04-16 10:12:46,196][root][INFO] - Epoch [4/50], Avg_Loss: 1.3669, Val_Accuracy: 48.0069
[2025-04-16 10:21:54,439][root][INFO] - Epoch [5/50], Avg_Loss: 1.3101, Val_Accuracy: 48.9284
[2025-04-16 10:31:36,489][root][INFO] - Epoch [6/50], Avg_Loss: 1.2724, Val_Accuracy: 43.3776
[2025-04-16 10:40:35,089][root][INFO] - Epoch [7/50], Avg_Loss: 1.2412, Val_Accuracy: 51.7681
[2025-04-16 10:49:33,718][root][INFO] - Epoch [8/50], Avg_Loss: 1.2135, Val_Accuracy: 51.8217
[2025-04-16 10:58:32,729][root][INFO] - Epoch [9/50], Avg_Loss: 1.1950, Val_Accuracy: 42.9490
[2025-04-16 11:07:31,614][root][INFO] - Epoch [10/50], Avg_Loss: 1.1750, Val_Accuracy: 51.0073
[2025-04-16 11:16:30,718][root][INFO] - Epoch [11/50], Avg_Loss: 1.1548, Val_Accuracy: 53.8577
[2025-04-16 11:25:31,797][root][INFO] - Epoch [12/50], Avg_Loss: 1.1343, Val_Accuracy: 51.0502
[2025-04-16 11:34:31,698][root][INFO] - Epoch [13/50], Avg_Loss: 1.1259, Val_Accuracy: 52.4646
[2025-04-16 11:43:25,295][root][INFO] - Epoch [14/50], Avg_Loss: 1.1118, Val_Accuracy: 52.7004
[2025-04-16 11:52:26,865][root][INFO] - Epoch [15/50], Avg_Loss: 1.0959, Val_Accuracy: 52.6361
[2025-04-16 12:02:07,969][root][INFO] - Epoch [16/50], Avg_Loss: 1.0916, Val_Accuracy: 54.1256
[2025-04-16 12:11:40,675][root][INFO] - Epoch [17/50], Avg_Loss: 1.0749, Val_Accuracy: 54.6507
[2025-04-16 12:21:09,560][root][INFO] - Epoch [18/50], Avg_Loss: 1.0601, Val_Accuracy: 55.0150
[2025-04-16 12:30:37,521][root][INFO] - Epoch [19/50], Avg_Loss: 1.0504, Val_Accuracy: 49.5178
[2025-04-16 12:40:08,415][root][INFO] - Epoch [20/50], Avg_Loss: 1.0315, Val_Accuracy: 51.1466
[2025-04-16 12:49:39,942][root][INFO] - Epoch [21/50], Avg_Loss: 1.0197, Val_Accuracy: 52.8397
[2025-04-16 12:59:11,849][root][INFO] - Epoch [22/50], Avg_Loss: 1.0056, Val_Accuracy: 55.3686
[2025-04-16 13:08:43,399][root][INFO] - Epoch [23/50], Avg_Loss: 0.9937, Val_Accuracy: 54.9186
[2025-04-16 13:18:15,630][root][INFO] - Epoch [24/50], Avg_Loss: 0.9864, Val_Accuracy: 55.2293
[2025-04-16 13:27:47,971][root][INFO] - Epoch [25/50], Avg_Loss: 0.9683, Val_Accuracy: 55.4115
[2025-04-16 13:37:19,788][root][INFO] - Epoch [26/50], Avg_Loss: 0.9597, Val_Accuracy: 52.8183
[2025-04-16 13:46:49,281][root][INFO] - Epoch [27/50], Avg_Loss: 0.9530, Val_Accuracy: 55.7437
[2025-04-16 13:56:21,651][root][INFO] - Epoch [28/50], Avg_Loss: 0.9453, Val_Accuracy: 55.7865
[2025-04-16 14:07:52,690][root][INFO] - Epoch [29/50], Avg_Loss: 0.9278, Val_Accuracy: 53.8577
[2025-04-16 14:20:39,874][root][INFO] - Epoch [30/50], Avg_Loss: 0.9123, Val_Accuracy: 53.9220
[2025-04-16 14:33:27,509][root][INFO] - Epoch [31/50], Avg_Loss: 0.9059, Val_Accuracy: 50.4072
[2025-04-16 14:46:15,187][root][INFO] - Epoch [32/50], Avg_Loss: 0.8989, Val_Accuracy: 54.7793
[2025-04-16 14:59:02,006][root][INFO] - Epoch [33/50], Avg_Loss: 0.8896, Val_Accuracy: 53.3648
[2025-04-16 15:11:49,302][root][INFO] - Epoch [34/50], Avg_Loss: 0.8781, Val_Accuracy: 55.7008
[2025-04-16 15:24:36,630][root][INFO] - Epoch [35/50], Avg_Loss: 0.8690, Val_Accuracy: 53.4183
[2025-04-16 15:37:25,052][root][INFO] - Epoch [36/50], Avg_Loss: 0.8606, Val_Accuracy: 55.6044
[2025-04-16 15:50:13,521][root][INFO] - Epoch [37/50], Avg_Loss: 0.8556, Val_Accuracy: 52.9897
[2025-04-16 16:03:00,152][root][INFO] - Epoch [38/50], Avg_Loss: 0.8464, Val_Accuracy: 53.3433
[2025-04-16 16:15:59,784][root][INFO] - Epoch [39/50], Avg_Loss: 0.8351, Val_Accuracy: 54.5864
[2025-04-16 16:28:54,986][root][INFO] - Epoch [40/50], Avg_Loss: 0.8208, Val_Accuracy: 54.0184
[2025-04-16 16:41:58,268][root][INFO] - Epoch [41/50], Avg_Loss: 0.8170, Val_Accuracy: 54.4792
[2025-04-16 16:54:47,330][root][INFO] - Epoch [42/50], Avg_Loss: 0.8004, Val_Accuracy: 53.8255
[2025-04-16 17:08:09,000][root][INFO] - Epoch [43/50], Avg_Loss: 0.7917, Val_Accuracy: 49.5285
[2025-04-16 17:21:54,752][root][INFO] - Epoch [44/50], Avg_Loss: 0.7838, Val_Accuracy: 55.7544
[2025-04-16 17:35:41,911][root][INFO] - Epoch [45/50], Avg_Loss: 0.7798, Val_Accuracy: 54.4685
[2025-04-16 17:48:44,826][root][INFO] - Epoch [46/50], Avg_Loss: 0.7678, Val_Accuracy: 55.1329
[2025-04-16 18:02:24,032][root][INFO] - Epoch [47/50], Avg_Loss: 0.7566, Val_Accuracy: 54.9829
[2025-04-16 18:15:36,473][root][INFO] - Epoch [48/50], Avg_Loss: 0.7499, Val_Accuracy: 51.4252
[2025-04-16 18:28:36,036][root][INFO] - Epoch [49/50], Avg_Loss: 0.7480, Val_Accuracy: 53.9327
[2025-04-16 18:42:20,574][root][INFO] - Epoch [50/50], Avg_Loss: 0.7428, Val_Accuracy: 54.4685
[2025-04-16 18:42:20,595][root][INFO] - Best model weights saved with accuracy: 55.79
[2025-04-16 18:44:12,646][root][INFO] - Test Accuracy: 53.95
