[2025-03-28 13:12:56,939][root][INFO] - Using device: cuda
[2025-03-28 13:12:57,390][root][INFO] - train_dataset: 22967, valid_dataset: 5742, test_dataset: 7178
[2025-03-28 13:12:57,390][root][INFO] - train_loader: 359, valid_loader: 90, test_loader: 113
[2025-03-28 13:13:19,642][root][INFO] - Epoch [0/64], Loss: 1.6031, Accuracy: 28.7530
[2025-03-28 13:13:42,628][root][INFO] - Epoch [1/64], Loss: 1.3676, Accuracy: 45.5242
[2025-03-28 13:14:07,040][root][INFO] - Epoch [2/64], Loss: 1.2751, Accuracy: 52.7342
[2025-03-28 13:14:36,926][root][INFO] - Epoch [3/64], Loss: 1.2110, Accuracy: 51.4629
[2025-03-28 13:15:01,167][root][INFO] - Epoch [4/64], Loss: 1.1693, Accuracy: 53.1522
[2025-03-28 13:15:31,916][root][INFO] - Epoch [5/64], Loss: 1.1355, Accuracy: 53.5354
[2025-03-28 13:15:54,517][root][INFO] - Epoch [6/64], Loss: 1.1045, Accuracy: 55.2769
[2025-03-28 13:16:17,410][root][INFO] - Epoch [7/64], Loss: 1.0690, Accuracy: 54.0230
[2025-03-28 13:16:39,876][root][INFO] - Epoch [8/64], Loss: 1.0503, Accuracy: 58.6033
[2025-03-28 13:17:10,647][root][INFO] - Epoch [9/64], Loss: 1.0147, Accuracy: 59.0909
[2025-03-28 13:17:41,150][root][INFO] - Epoch [10/64], Loss: 0.9935, Accuracy: 59.1606
[2025-03-28 13:18:02,080][root][INFO] - Epoch [11/64], Loss: 0.9715, Accuracy: 58.4814
[2025-03-28 13:18:30,341][root][INFO] - Epoch [12/64], Loss: 0.9452, Accuracy: 59.2825
[2025-03-28 13:18:53,055][root][INFO] - Epoch [13/64], Loss: 0.9201, Accuracy: 59.9791
[2025-03-28 13:19:16,051][root][INFO] - Epoch [14/64], Loss: 0.8937, Accuracy: 60.2055
[2025-03-28 13:19:38,691][root][INFO] - Epoch [15/64], Loss: 0.8671, Accuracy: 58.6207
[2025-03-28 13:20:02,126][root][INFO] - Epoch [16/64], Loss: 0.8435, Accuracy: 57.8544
[2025-03-28 13:20:26,658][root][INFO] - Epoch [17/64], Loss: 0.8159, Accuracy: 59.9965
[2025-03-28 13:20:49,190][root][INFO] - Epoch [18/64], Loss: 0.7898, Accuracy: 57.1404
[2025-03-28 13:21:13,249][root][INFO] - Epoch [19/64], Loss: 0.7743, Accuracy: 60.3622
[2025-03-28 13:21:36,643][root][INFO] - Epoch [20/64], Loss: 0.7437, Accuracy: 60.7628
[2025-03-28 13:21:59,659][root][INFO] - Epoch [21/64], Loss: 0.7228, Accuracy: 59.2302
[2025-03-28 13:22:22,711][root][INFO] - Epoch [22/64], Loss: 0.6875, Accuracy: 58.0286
[2025-03-28 13:22:45,816][root][INFO] - Epoch [23/64], Loss: 0.6704, Accuracy: 60.5712
[2025-03-28 13:23:16,627][root][INFO] - Epoch [24/64], Loss: 0.6273, Accuracy: 61.4420
[2025-03-28 13:23:39,349][root][INFO] - Epoch [25/64], Loss: 0.6223, Accuracy: 60.8325
[2025-03-28 13:24:01,897][root][INFO] - Epoch [26/64], Loss: 0.5916, Accuracy: 58.5859
[2025-03-28 13:24:32,930][root][INFO] - Epoch [27/64], Loss: 0.5770, Accuracy: 58.6555
[2025-03-28 13:24:55,571][root][INFO] - Epoch [28/64], Loss: 0.5468, Accuracy: 61.8774
[2025-03-28 13:25:18,320][root][INFO] - Epoch [29/64], Loss: 0.5256, Accuracy: 60.4493
[2025-03-28 13:25:40,969][root][INFO] - Epoch [30/64], Loss: 0.5021, Accuracy: 60.9544
[2025-03-28 13:26:03,726][root][INFO] - Epoch [31/64], Loss: 0.4851, Accuracy: 59.6134
[2025-03-28 13:26:34,651][root][INFO] - Epoch [32/64], Loss: 0.4681, Accuracy: 59.2128
[2025-03-28 13:26:57,348][root][INFO] - Epoch [33/64], Loss: 0.4474, Accuracy: 61.4594
[2025-03-28 13:27:20,090][root][INFO] - Epoch [34/64], Loss: 0.4370, Accuracy: 59.0735
[2025-03-28 13:27:42,766][root][INFO] - Epoch [35/64], Loss: 0.4250, Accuracy: 59.5263
[2025-03-28 13:28:13,834][root][INFO] - Epoch [36/64], Loss: 0.4033, Accuracy: 60.4842
[2025-03-28 13:28:35,067][root][INFO] - Epoch [37/64], Loss: 0.3857, Accuracy: 60.5364
[2025-03-28 13:29:05,836][root][INFO] - Epoch [38/64], Loss: 0.3711, Accuracy: 61.1111
[2025-03-28 13:29:28,436][root][INFO] - Epoch [39/64], Loss: 0.3773, Accuracy: 61.9471
[2025-03-28 13:29:50,879][root][INFO] - Epoch [40/64], Loss: 0.3513, Accuracy: 60.4319
[2025-03-28 13:30:13,586][root][INFO] - Epoch [41/64], Loss: 0.3441, Accuracy: 60.1707
[2025-03-28 13:30:36,353][root][INFO] - Epoch [42/64], Loss: 0.3287, Accuracy: 60.9195
[2025-03-28 13:31:07,335][root][INFO] - Epoch [43/64], Loss: 0.3263, Accuracy: 61.4072
[2025-03-28 13:31:30,188][root][INFO] - Epoch [44/64], Loss: 0.3081, Accuracy: 61.6684
[2025-03-28 13:31:52,814][root][INFO] - Epoch [45/64], Loss: 0.2934, Accuracy: 58.0286
[2025-03-28 13:32:15,646][root][INFO] - Epoch [46/64], Loss: 0.2932, Accuracy: 62.0167
[2025-03-28 13:32:38,514][root][INFO] - Epoch [47/64], Loss: 0.2770, Accuracy: 59.6134
[2025-03-28 13:33:01,348][root][INFO] - Epoch [48/64], Loss: 0.2702, Accuracy: 61.7729
[2025-03-28 13:33:24,039][root][INFO] - Epoch [49/64], Loss: 0.2654, Accuracy: 61.5465
[2025-03-28 13:33:54,992][root][INFO] - Epoch [50/64], Loss: 0.2615, Accuracy: 60.3100
[2025-03-28 13:34:17,834][root][INFO] - Epoch [51/64], Loss: 0.2549, Accuracy: 60.9544
[2025-03-28 13:34:48,989][root][INFO] - Epoch [52/64], Loss: 0.2442, Accuracy: 61.5291
[2025-03-28 13:35:11,649][root][INFO] - Epoch [53/64], Loss: 0.2382, Accuracy: 60.9195
[2025-03-28 13:35:34,433][root][INFO] - Epoch [54/64], Loss: 0.2444, Accuracy: 61.3201
[2025-03-28 13:35:57,208][root][INFO] - Epoch [55/64], Loss: 0.2276, Accuracy: 62.5044
[2025-03-28 13:36:28,205][root][INFO] - Epoch [56/64], Loss: 0.2302, Accuracy: 60.9544
[2025-03-28 13:36:51,015][root][INFO] - Epoch [57/64], Loss: 0.2195, Accuracy: 61.6858
[2025-03-28 13:37:13,886][root][INFO] - Epoch [58/64], Loss: 0.2160, Accuracy: 59.3521
[2025-03-28 13:37:36,644][root][INFO] - Epoch [59/64], Loss: 0.2101, Accuracy: 61.9645
[2025-03-28 13:37:59,216][root][INFO] - Epoch [60/64], Loss: 0.2028, Accuracy: 61.4246
[2025-03-28 13:38:21,799][root][INFO] - Epoch [61/64], Loss: 0.2028, Accuracy: 61.9122
[2025-03-28 13:38:52,876][root][INFO] - Epoch [62/64], Loss: 0.1942, Accuracy: 61.4072
[2025-03-28 13:39:15,650][root][INFO] - Epoch [63/64], Loss: 0.1973, Accuracy: 61.3201
[2025-03-28 13:39:15,675][root][INFO] - Best model weights saved with accuracy: 62.50
