[2025-04-30 14:56:07,103][root][INFO] - Using device: cuda
[2025-04-30 14:56:08,152][root][INFO] - train_dataset: 36291, valid_dataset: 9332, test_dataset: 6222
[2025-04-30 14:56:08,153][root][INFO] - train_loader: 568, valid_loader: 146, test_loader: 98
[2025-04-30 15:08:00,177][root][INFO] - Epoch [1/20], Train_Loss: 1.3727, Val_Accuracy: 50.8358
[2025-04-30 15:19:07,695][root][INFO] - Epoch [2/20], Train_Loss: 1.2064, Val_Accuracy: 50.7180
[2025-04-30 15:29:09,368][root][INFO] - Epoch [3/20], Train_Loss: 1.1422, Val_Accuracy: 54.3935
[2025-04-30 15:39:05,097][root][INFO] - Epoch [4/20], Train_Loss: 1.1098, Val_Accuracy: 56.1723
[2025-04-30 15:49:01,062][root][INFO] - Epoch [5/20], Train_Loss: 1.0783, Val_Accuracy: 58.1226
[2025-04-30 15:59:00,512][root][INFO] - Epoch [6/20], Train_Loss: 1.0518, Val_Accuracy: 53.4183
[2025-04-30 16:08:55,569][root][INFO] - Epoch [7/20], Train_Loss: 1.0366, Val_Accuracy: 57.1260
[2025-04-30 16:18:50,308][root][INFO] - Epoch [8/20], Train_Loss: 1.0189, Val_Accuracy: 58.3262
[2025-04-30 16:28:45,588][root][INFO] - Epoch [9/20], Train_Loss: 1.0014, Val_Accuracy: 59.5049
[2025-04-30 16:38:39,699][root][INFO] - Epoch [10/20], Train_Loss: 0.9885, Val_Accuracy: 59.6871
[2025-04-30 16:50:43,434][root][INFO] - Epoch [11/20], Train_Loss: 0.9709, Val_Accuracy: 58.6584
[2025-04-30 17:07:52,773][root][INFO] - Epoch [12/20], Train_Loss: 0.9622, Val_Accuracy: 59.2692
[2025-04-30 17:25:06,975][root][INFO] - Epoch [13/20], Train_Loss: 0.9453, Val_Accuracy: 58.8727
[2025-04-30 17:42:23,798][root][INFO] - Epoch [14/20], Train_Loss: 0.9244, Val_Accuracy: 60.6301
[2025-04-30 17:59:35,823][root][INFO] - Epoch [15/20], Train_Loss: 0.9207, Val_Accuracy: 60.9516
[2025-04-30 18:16:44,792][root][INFO] - Epoch [16/20], Train_Loss: 0.9032, Val_Accuracy: 60.1264
[2025-04-30 18:33:20,957][root][INFO] - Epoch [17/20], Train_Loss: 0.8899, Val_Accuracy: 60.3729
[2025-04-30 18:48:52,085][root][INFO] - Epoch [18/20], Train_Loss: 0.8761, Val_Accuracy: 60.9944
[2025-04-30 19:04:15,261][root][INFO] - Epoch [19/20], Train_Loss: 0.8563, Val_Accuracy: 61.3373
[2025-04-30 19:19:37,451][root][INFO] - Epoch [20/20], Train_Loss: 0.8445, Val_Accuracy: 61.4231
[2025-04-30 19:19:37,570][root][INFO] - Best model weights saved with accuracy: 61.42
[2025-04-30 19:21:31,089][root][INFO] - Test Accuracy: 61.04
