[2025-03-27 19:25:53,921][root][INFO] - Using device: cuda
[2025-03-27 19:25:54,420][root][INFO] - train_dataset: 22967, valid_dataset: 5742, test_dataset: 7178
[2025-03-27 19:25:54,421][root][INFO] - train_loader: 359, valid_loader: 90, test_loader: 113
[2025-03-27 19:26:02,504][root][INFO] - Epoch [0/64], Loss: 1.8150, Accuracy: 26.2626
[2025-03-27 19:26:12,613][root][INFO] - Epoch [1/64], Loss: 1.8015, Accuracy: 25.4093
[2025-03-27 19:26:22,964][root][INFO] - Epoch [2/64], Loss: 1.7919, Accuracy: 26.4020
[2025-03-27 19:26:32,986][root][INFO] - Epoch [3/64], Loss: 1.7857, Accuracy: 25.7227
[2025-03-27 19:26:43,289][root][INFO] - Epoch [4/64], Loss: 1.7782, Accuracy: 26.8722
[2025-03-27 19:26:53,254][root][INFO] - Epoch [5/64], Loss: 1.7683, Accuracy: 25.3396
[2025-03-27 19:27:03,173][root][INFO] - Epoch [6/64], Loss: 1.7567, Accuracy: 28.3699
[2025-03-27 19:27:13,160][root][INFO] - Epoch [7/64], Loss: 1.7435, Accuracy: 28.3177
[2025-03-27 19:27:23,162][root][INFO] - Epoch [8/64], Loss: 1.7303, Accuracy: 30.3030
[2025-03-27 19:27:33,341][root][INFO] - Epoch [9/64], Loss: 1.7159, Accuracy: 31.9053
[2025-03-27 19:27:43,443][root][INFO] - Epoch [10/64], Loss: 1.6955, Accuracy: 30.4946
[2025-03-27 19:27:53,437][root][INFO] - Epoch [11/64], Loss: 1.6798, Accuracy: 34.6395
[2025-03-27 19:28:03,631][root][INFO] - Epoch [12/64], Loss: 1.6597, Accuracy: 35.0575
[2025-03-27 19:28:13,607][root][INFO] - Epoch [13/64], Loss: 1.6291, Accuracy: 35.9805
[2025-03-27 19:28:23,647][root][INFO] - Epoch [14/64], Loss: 1.6154, Accuracy: 37.6872
[2025-03-27 19:28:33,699][root][INFO] - Epoch [15/64], Loss: 1.5966, Accuracy: 37.8440
[2025-03-27 19:28:44,020][root][INFO] - Epoch [16/64], Loss: 1.5822, Accuracy: 39.2198
[2025-03-27 19:28:53,908][root][INFO] - Epoch [17/64], Loss: 1.5715, Accuracy: 39.8119
[2025-03-27 19:29:03,991][root][INFO] - Epoch [18/64], Loss: 1.5579, Accuracy: 38.5057
[2025-03-27 19:29:13,980][root][INFO] - Epoch [19/64], Loss: 1.5544, Accuracy: 40.0035
[2025-03-27 19:29:24,219][root][INFO] - Epoch [20/64], Loss: 1.5478, Accuracy: 39.9164
[2025-03-27 19:29:34,149][root][INFO] - Epoch [21/64], Loss: 1.5379, Accuracy: 41.1703
[2025-03-27 19:29:43,445][root][INFO] - Epoch [22/64], Loss: 1.5354, Accuracy: 40.7524
[2025-03-27 19:29:53,989][root][INFO] - Epoch [23/64], Loss: 1.5319, Accuracy: 40.9091
[2025-03-27 19:30:06,879][root][INFO] - Epoch [24/64], Loss: 1.5283, Accuracy: 41.0658
[2025-03-27 19:30:18,865][root][INFO] - Epoch [25/64], Loss: 1.5220, Accuracy: 41.0484
[2025-03-27 19:30:28,609][root][INFO] - Epoch [26/64], Loss: 1.5192, Accuracy: 41.1355
[2025-03-27 19:30:41,777][root][INFO] - Epoch [27/64], Loss: 1.5165, Accuracy: 41.0136
[2025-03-27 19:30:55,042][root][INFO] - Epoch [28/64], Loss: 1.5150, Accuracy: 41.2922
[2025-03-27 19:31:04,556][root][INFO] - Epoch [29/64], Loss: 1.5183, Accuracy: 41.0832
[2025-03-27 19:31:17,392][root][INFO] - Epoch [30/64], Loss: 1.5140, Accuracy: 41.1529
[2025-03-27 19:31:30,616][root][INFO] - Epoch [31/64], Loss: 1.5075, Accuracy: 41.3096
[2025-03-27 19:31:44,332][root][INFO] - Epoch [32/64], Loss: 1.5071, Accuracy: 40.1080
[2025-03-27 19:31:57,949][root][INFO] - Epoch [33/64], Loss: 1.5043, Accuracy: 41.3096
[2025-03-27 19:32:07,103][root][INFO] - Epoch [34/64], Loss: 1.4968, Accuracy: 41.5709
[2025-03-27 19:32:19,911][root][INFO] - Epoch [35/64], Loss: 1.5045, Accuracy: 41.2574
[2025-03-27 19:32:33,296][root][INFO] - Epoch [36/64], Loss: 1.5016, Accuracy: 42.1630
[2025-03-27 19:32:46,265][root][INFO] - Epoch [37/64], Loss: 1.5012, Accuracy: 40.7349
[2025-03-27 19:32:59,500][root][INFO] - Epoch [38/64], Loss: 1.4972, Accuracy: 41.4316
[2025-03-27 19:33:12,415][root][INFO] - Epoch [39/64], Loss: 1.4955, Accuracy: 42.4242
[2025-03-27 19:33:21,627][root][INFO] - Epoch [40/64], Loss: 1.4943, Accuracy: 41.9192
[2025-03-27 19:33:34,698][root][INFO] - Epoch [41/64], Loss: 1.4918, Accuracy: 42.2849
[2025-03-27 19:33:47,985][root][INFO] - Epoch [42/64], Loss: 1.4950, Accuracy: 42.1978
[2025-03-27 19:33:57,006][root][INFO] - Epoch [43/64], Loss: 1.4906, Accuracy: 41.3967
[2025-03-27 19:34:10,005][root][INFO] - Epoch [44/64], Loss: 1.4918, Accuracy: 41.5709
[2025-03-27 19:34:23,179][root][INFO] - Epoch [45/64], Loss: 1.4872, Accuracy: 42.5287
[2025-03-27 19:34:32,234][root][INFO] - Epoch [46/64], Loss: 1.4844, Accuracy: 42.8422
[2025-03-27 19:34:45,178][root][INFO] - Epoch [47/64], Loss: 1.4865, Accuracy: 41.5012
[2025-03-27 19:34:54,118][root][INFO] - Epoch [48/64], Loss: 1.4805, Accuracy: 40.7524
[2025-03-27 19:35:07,279][root][INFO] - Epoch [49/64], Loss: 1.4775, Accuracy: 42.6681
[2025-03-27 19:35:20,448][root][INFO] - Epoch [50/64], Loss: 1.4749, Accuracy: 42.1978
[2025-03-27 19:35:32,521][root][INFO] - Epoch [51/64], Loss: 1.4701, Accuracy: 40.9962
[2025-03-27 19:35:42,035][root][INFO] - Epoch [52/64], Loss: 1.4694, Accuracy: 41.5361
[2025-03-27 19:35:53,539][root][INFO] - Epoch [53/64], Loss: 1.4659, Accuracy: 43.0512
[2025-03-27 19:36:03,546][root][INFO] - Epoch [54/64], Loss: 1.4625, Accuracy: 42.6158
[2025-03-27 19:36:16,440][root][INFO] - Epoch [55/64], Loss: 1.4607, Accuracy: 42.5984
[2025-03-27 19:36:29,323][root][INFO] - Epoch [56/64], Loss: 1.4597, Accuracy: 42.8770
[2025-03-27 19:36:42,346][root][INFO] - Epoch [57/64], Loss: 1.4531, Accuracy: 42.7029
[2025-03-27 19:36:55,369][root][INFO] - Epoch [58/64], Loss: 1.4514, Accuracy: 41.4316
[2025-03-27 19:37:05,584][root][INFO] - Epoch [59/64], Loss: 1.4529, Accuracy: 42.8248
[2025-03-27 19:37:15,006][root][INFO] - Epoch [60/64], Loss: 1.4457, Accuracy: 42.2327
[2025-03-27 19:37:24,948][root][INFO] - Epoch [61/64], Loss: 1.4425, Accuracy: 43.1905
[2025-03-27 19:37:34,972][root][INFO] - Epoch [62/64], Loss: 1.4428, Accuracy: 43.7478
[2025-03-27 19:37:45,099][root][INFO] - Epoch [63/64], Loss: 1.4422, Accuracy: 43.5563
[2025-03-27 19:37:45,102][root][INFO] - Best model weights saved with accuracy: 43.75
