[2025-05-01 17:48:19,883][root][INFO] - Using device: cuda
[2025-05-01 17:48:20,006][root][INFO] - train_dataset: 36291, valid_dataset: 9332, test_dataset: 6222
[2025-05-01 17:48:20,006][root][INFO] - train_loader: 568, valid_loader: 146, test_loader: 98
[2025-05-01 18:04:51,185][root][INFO] - Epoch [1/50], Train_Loss: 1.3683, Val_Accuracy: 45.3493
[2025-05-01 18:18:00,130][root][INFO] - Epoch [2/50], Train_Loss: 1.2038, Val_Accuracy: 54.4363
[2025-05-01 18:28:40,002][root][INFO] - Epoch [3/50], Train_Loss: 1.1427, Val_Accuracy: 55.3793
[2025-05-01 18:38:39,992][root][INFO] - Epoch [4/50], Train_Loss: 1.1028, Val_Accuracy: 56.0437
[2025-05-01 18:48:36,155][root][INFO] - Epoch [5/50], Train_Loss: 1.0736, Val_Accuracy: 57.1796
[2025-05-01 18:58:32,219][root][INFO] - Epoch [6/50], Train_Loss: 1.0508, Val_Accuracy: 57.5011
[2025-05-01 19:08:27,462][root][INFO] - Epoch [7/50], Train_Loss: 1.0327, Val_Accuracy: 55.9687
[2025-05-01 19:18:22,476][root][INFO] - Epoch [8/50], Train_Loss: 1.0128, Val_Accuracy: 58.8405
[2025-05-01 19:28:22,165][root][INFO] - Epoch [9/50], Train_Loss: 1.0017, Val_Accuracy: 59.1620
[2025-05-01 19:39:08,810][root][INFO] - Epoch [10/50], Train_Loss: 0.9803, Val_Accuracy: 60.4586
[2025-05-01 19:51:09,757][root][INFO] - Epoch [11/50], Train_Loss: 0.9640, Val_Accuracy: 60.0300
[2025-05-01 20:02:50,576][root][INFO] - Epoch [12/50], Train_Loss: 0.9500, Val_Accuracy: 61.4659
[2025-05-01 20:13:02,479][root][INFO] - Epoch [13/50], Train_Loss: 0.9350, Val_Accuracy: 59.6550
[2025-05-01 20:22:58,619][root][INFO] - Epoch [14/50], Train_Loss: 0.9264, Val_Accuracy: 60.4372
[2025-05-01 20:32:55,936][root][INFO] - Epoch [15/50], Train_Loss: 0.9062, Val_Accuracy: 60.6194
[2025-05-01 20:42:51,929][root][INFO] - Epoch [16/50], Train_Loss: 0.8955, Val_Accuracy: 60.9837
[2025-05-01 20:52:57,286][root][INFO] - Epoch [17/50], Train_Loss: 0.8743, Val_Accuracy: 61.9374
[2025-05-01 21:02:53,717][root][INFO] - Epoch [18/50], Train_Loss: 0.8684, Val_Accuracy: 61.1016
[2025-05-01 21:12:47,675][root][INFO] - Epoch [19/50], Train_Loss: 0.8536, Val_Accuracy: 60.1372
[2025-05-01 21:22:41,622][root][INFO] - Epoch [20/50], Train_Loss: 0.8311, Val_Accuracy: 61.9803
[2025-05-01 21:32:35,598][root][INFO] - Epoch [21/50], Train_Loss: 0.8131, Val_Accuracy: 60.1479
[2025-05-01 21:42:35,006][root][INFO] - Epoch [22/50], Train_Loss: 0.8028, Val_Accuracy: 62.2589
[2025-05-01 21:52:37,156][root][INFO] - Epoch [23/50], Train_Loss: 0.7852, Val_Accuracy: 61.6159
[2025-05-01 22:02:37,301][root][INFO] - Epoch [24/50], Train_Loss: 0.7688, Val_Accuracy: 63.0411
[2025-05-01 22:12:31,647][root][INFO] - Epoch [25/50], Train_Loss: 0.7538, Val_Accuracy: 62.4518
[2025-05-01 22:22:26,373][root][INFO] - Epoch [26/50], Train_Loss: 0.7383, Val_Accuracy: 62.6875
[2025-05-01 22:32:22,233][root][INFO] - Epoch [27/50], Train_Loss: 0.7192, Val_Accuracy: 62.5268
[2025-05-01 22:42:23,187][root][INFO] - Epoch [28/50], Train_Loss: 0.7049, Val_Accuracy: 61.4445
[2025-05-01 22:52:27,074][root][INFO] - Epoch [29/50], Train_Loss: 0.6901, Val_Accuracy: 61.4123
[2025-05-01 23:02:21,725][root][INFO] - Epoch [30/50], Train_Loss: 0.6697, Val_Accuracy: 62.1839
[2025-05-01 23:12:14,685][root][INFO] - Epoch [31/50], Train_Loss: 0.6556, Val_Accuracy: 62.9661
[2025-05-01 23:22:10,435][root][INFO] - Epoch [32/50], Train_Loss: 0.6382, Val_Accuracy: 63.3841
[2025-05-01 23:32:12,356][root][INFO] - Epoch [33/50], Train_Loss: 0.6181, Val_Accuracy: 62.1732
[2025-05-01 23:42:11,055][root][INFO] - Epoch [34/50], Train_Loss: 0.6012, Val_Accuracy: 62.7947
[2025-05-01 23:52:06,690][root][INFO] - Epoch [35/50], Train_Loss: 0.5836, Val_Accuracy: 61.8624
[2025-05-02 00:02:00,113][root][INFO] - Epoch [36/50], Train_Loss: 0.5675, Val_Accuracy: 62.6875
[2025-05-02 00:11:54,153][root][INFO] - Epoch [37/50], Train_Loss: 0.5454, Val_Accuracy: 63.4805
[2025-05-02 00:21:49,664][root][INFO] - Epoch [38/50], Train_Loss: 0.5316, Val_Accuracy: 62.6447
[2025-05-02 00:31:43,676][root][INFO] - Epoch [39/50], Train_Loss: 0.5232, Val_Accuracy: 62.5911
[2025-05-02 00:41:37,524][root][INFO] - Epoch [40/50], Train_Loss: 0.4855, Val_Accuracy: 62.7518
[2025-05-02 00:51:30,974][root][INFO] - Epoch [41/50], Train_Loss: 0.4835, Val_Accuracy: 63.0519
[2025-05-02 01:01:25,091][root][INFO] - Epoch [42/50], Train_Loss: 0.4662, Val_Accuracy: 62.2910
[2025-05-02 01:11:18,778][root][INFO] - Epoch [43/50], Train_Loss: 0.4538, Val_Accuracy: 62.5268
[2025-05-02 01:21:11,979][root][INFO] - Epoch [44/50], Train_Loss: 0.4310, Val_Accuracy: 62.5482
[2025-05-02 01:31:07,810][root][INFO] - Epoch [45/50], Train_Loss: 0.4112, Val_Accuracy: 62.7518
[2025-05-02 01:41:04,057][root][INFO] - Epoch [46/50], Train_Loss: 0.3986, Val_Accuracy: 62.9340
[2025-05-02 01:50:59,811][root][INFO] - Epoch [47/50], Train_Loss: 0.3837, Val_Accuracy: 61.4659
[2025-05-02 02:00:58,725][root][INFO] - Epoch [48/50], Train_Loss: 0.3729, Val_Accuracy: 62.0231
[2025-05-02 02:10:53,583][root][INFO] - Epoch [49/50], Train_Loss: 0.3646, Val_Accuracy: 61.8517
[2025-05-02 02:20:48,308][root][INFO] - Epoch [50/50], Train_Loss: 0.3455, Val_Accuracy: 62.2375
[2025-05-02 02:20:48,391][root][INFO] - Best model weights saved with accuracy: 63.48
[2025-05-02 02:22:11,953][root][INFO] - Test Accuracy: 62.04
